[2026-02-11 14:04:49.994] Iniciando server streamlit...
[2026-02-11 14:04:51.419] Server arriba, abriendo browser
[2026-02-11 14:05:09.398] Server ya activo, abriendo browser
[2026-02-11 14:05:34.537] Server ya activo, abriendo browser
[2026-02-11 14:07:52.622] Server ya activo, abriendo browser
[2026-02-13 13:08:31.624] Iniciando server streamlit...
[2026-02-13 13:08:34.504] Iniciando server streamlit...
[2026-02-13 13:08:34.798] Server arriba, abriendo browser
[2026-02-13 13:08:35.059] Server arriba, abriendo browser
[2026-02-13 14:03:47.728] Server ya activo, abriendo browser
[2026-02-13 14:14:52.304] Server ya activo, abriendo browser
[2026-02-13 14:23:03.762] Server ya activo, abriendo browser
[2026-02-13 14:55:46.991] Server ya activo, abriendo browser
[2026-02-13 15:12:27.228] Server ya activo, abriendo browser
[2026-02-13 18:29:25.365] Iniciando server streamlit...
[2026-02-13 18:29:27.685] Server arriba, abriendo browser
[2026-02-13 18:57:42.522] Server ya activo, abriendo browser
[2026-02-13 19:27:29.211] Server ya activo, abriendo browser
[2026-02-13 19:33:45.848] Server ya activo, abriendo browser
[2026-02-13 19:47:19.102] Server ya activo, abriendo browser
[2026-02-13 20:32:05.985] Server ya activo, abriendo browser
[2026-02-13 20:58:12.937] Server ya activo, abriendo browser
[2026-02-13 21:12:43.949] Server ya activo, abriendo browser
[2026-02-13 21:14:33.549] Server ya activo, abriendo browser
[2026-02-13 21:29:39.578] Server ya activo, abriendo browser
[2026-02-13 21:44:50.609] Server ya activo, abriendo browser
[2026-02-13 21:58:36.489] Server ya activo, abriendo browser
[2026-02-13 22:25:19.651] Server ya activo, abriendo browser
[2026-02-13 22:38:51.297] Server ya activo, abriendo browser
[2026-02-13 22:43:35.784] Server ya activo, abriendo browser
[2026-02-13 23:19:05.511] Server ya activo, abriendo browser
[2026-02-14 00:13:52.269] Server ya activo, abriendo browser
<<<<<<< HEAD
[2026-02-14 00:25:01.840] Server ya activo, abriendo browser
=======
>>>>>>> edd5be92c933896023f6836b37bdeabe046ac032
<<<<<<< HEAD
[2026-02-14 00:43:05.918] Server ya activo, abriendo browser
[2026-02-14 00:51:14.619] Server ya activo, abriendo browser
=======
>>>>>>> 4e8cea0e3f437cf588981afebadce73044d00707
